........................................................................ [  4%]
........................................................................ [  9%]
........................................................................ [ 13%]
........................................................................ [ 18%]
........................................................................ [ 22%]
........................................................................ [ 27%]
........................................................................ [ 32%]
........................................................................ [ 36%]
........................................................................ [ 41%]
........................................................................ [ 45%]
.......................................................................s [ 50%]
ssssssssssssssssssssssssssssssssssssssssssssssssssssssssssssssssssssssss [ 55%]
ssssssssssssssssssssssssssssssssssssssssssssssssssssssssssssssssssssssss [ 59%]
ssssssssssssssssssssssssssssssssssssssssssssssssssssssssssssssssssssssss [ 64%]
ssssssssssssssssssssssssssssssssssssssssssssssssssssssssssssssssssssssss [ 68%]
ssssssssssssssssssssssssssssssssssssssssssssssssssssssssssssssssssssssss [ 73%]
ssssssssssssssssssssssssssssssssssssssssssssssssssssssssssssssssssssssss [ 78%]
ssssssssssssssssssssssssssssssssssssssssssssssssssssssssssssssssssssssss [ 82%]
ssssssssssssssssssssssssssssssssssssssssssssssssssssssssssssssssssssssss [ 87%]
ssssssssssssssssssssssssssssssssssssssssssssssssssssssssssssssssssssssss [ 91%]
ssssssssssssssssssssssssssssssssssssssssssssssssssssssssssssssssssssssss [ 96%]
sssssssssssssssssssssssss................................                [100%]
823 passed, 746 skipped in 6.55s
