........................................................................ [  5%]
........................................................................ [ 10%]
........................................................................ [ 15%]
........................................................................ [ 20%]
........................................................................ [ 25%]
........................................................................ [ 30%]
........................................................................ [ 36%]
........................................................................ [ 41%]
........................................................................ [ 46%]
.........................................................sssssssssssssss [ 51%]
ssssssssssssssssssssssssssssssssssssssssssssssssssssssssssssssssssssssss [ 56%]
ssssssssssssssssssssssssssssssssssssssssssssssssssssssssssssssssssssssss [ 61%]
ssssssssssssssssssssssssssssssssssssssssssssssssssssssssssssssssssssssss [ 67%]
ssssssssssssssssssssssssssssssssssssssssssssssssssssssssssssssssssssssss [ 72%]
ssssssssssssssssssssssssssssssssssssssssssssssssssssssssssssssssssssssss [ 77%]
ssssssssssssssssssssssssssssssssssssssssssssssssssssssssssssssssssssssss [ 82%]
ssssssssssssssssssssssssssssssssssssssssssssssssssssssssssssssssssssssss [ 87%]
ssssssssssssssssssssssssssssssssssssssssssssssssssssssssssssssssssssssss [ 92%]
sssssssssssssssssssssssssssssssssssssssssssssssssssssssssssssssssssss... [ 97%]
.............................                                            [100%]
737 passed, 660 skipped in 6.64s
