MATCH review
MATCH P05
MATCH P13
MATCH P23
MATCH P25
MATCH P30
MATCH P31
MATCH wrong figure
MATCH two accounts
MATCH policy claim
MATCH duplicate number
MATCH three columns, no header
MATCH Prompt 1 roles
MATCH T01
MATCH T02
MATCH T03
MATCH T04
MATCH T05
MATCH T06
MATCH T07
MATCH T08
MATCH T09
MATCH T10
MATCH T11
MATCH T12
MATCH T12b
MATCH T13
MATCH T14
MATCH T14b
MATCH T15
MATCH T15b
MATCH T16
MATCH T17
MATCH T20
MATCH T21
MATCH T22
MATCH T23
MATCH T24
MATCH T25
MATCH T26
MATCH T27
MATCH T28
MATCH T29
MATCH T30
MATCH T31
MATCH T32
MATCH T33
MATCH T34
MATCH T35
MATCH T36
MATCH T37
MATCH T38
MATCH T39
MATCH T40
MATCH T41
MATCH T43
MATCH T44
MATCH T45
MATCH T46
MATCH T47
MATCH T48
MATCH T49
MATCH T50
MATCH T51
MATCH T52
MATCH T53
MATCH T54
MATCH P01
MATCH P02
MATCH P03
MATCH P04
MATCH P05
MATCH P06
MATCH P07
MATCH P08
MATCH P09
MATCH P10
MATCH P11
MATCH P12
MATCH P13
MATCH P14
MATCH P15
MATCH P16
MATCH P17
MATCH P18
MATCH P19
MATCH P20
MATCH P21
MATCH P22
MATCH P23
MATCH P24
MATCH P25
MATCH P26
MATCH P27
MATCH P28
MATCH P29
MATCH P30
MATCH P31
MATCH P32
MATCH P33
MATCH P34
MATCH P35
MATCH P36
MATCH P37
MATCH P38
MATCH P39
MATCH P40
MATCH MUL01
MATCH MUL02
MATCH MUL03
MATCH MUL04
MATCH MUL05
MATCH MUL06
MATCH MUL07
MATCH MUL08
MATCH MUL09
MATCH MUL10
MATCH MUL11
MATCH MUL12
MATCH MUL13
MATCH MUL14
MATCH MUL15
MATCH MUL16
MATCH MUL17
MATCH MUL18
MATCH MUL19
MATCH MUL20
MATCH MUL21
MATCH MUL22
MATCH STILL01
MATCH STILL02
MATCH STILL03
MATCH STILL04
MATCH STILL05
MATCH STILL06
MATCH STILL07
MATCH STILL08
MATCH STILL09
MATCH STILL10
MATCH STILL11
MATCH STILL12
MATCH STILL13
MATCH STILL14
MATCH STILL15
MATCH STILL16
MATCH STILL17
MATCH STILL18
MATCH STILL19
MATCH STILL20
MATCH STILL21
MATCH STILL22
MATCH STILL23
MATCH STILL24
MATCH STILL25
MATCH STILL26
MATCH STILL27
MATCH STILL28
MATCH FRAC01
MATCH FRAC02
MATCH FRAC03
MATCH FRAC04
MATCH FRAC05
MATCH FRAC06
MATCH FRAC07
MATCH FRAC08
MATCH FRAC09
MATCH FRAC10
MATCH FRAC11
MATCH FRAC12
MATCH FRAC13
MATCH FRAC14
MATCH FRAC15
MATCH FRAC16
MATCH FRAC17
MATCH FRAC18
MATCH FRAC19
MATCH FRAC20
MATCH FRAC21
MATCH FRAC22
MATCH FRAC23
MATCH FRAC24
MATCH FRAC25
MATCH FRAC26
MATCH DIGIT01
MATCH DIGIT02
MATCH DIGIT03
MATCH DIGIT04
MATCH DIGIT05
MATCH DIGIT06
MATCH DIGIT07
MATCH DIGIT08
MATCH DIGIT09
MATCH DIGIT10
MATCH DIGIT11
MATCH DIGIT12
MATCH DIGIT13
MATCH DIGIT14
MATCH DIGIT15
MATCH DIGIT16
MATCH COUNT01
MATCH COUNT02
MATCH COUNT03
MATCH COUNT04
MATCH COUNT05
MATCH COUNT06
MATCH COUNT07
MATCH COUNT08
MATCH COUNT09
MATCH COUNT10
MATCH COUNT11
MATCH COUNT12
MATCH COUNT13
MATCH COUNT14
MATCH COUNT15
MATCH ROLE01
MATCH ROLE02
MATCH ROLE03
MATCH ROLE04
MATCH ROLE05
MATCH ROLE06
MATCH A001
MATCH A002
MATCH A003
MATCH A004
MATCH A005
MATCH A006
MATCH A007
MATCH A008
MATCH A009
MATCH A010
MATCH A011
MATCH A012
MATCH A013
MATCH A014
MATCH A015
MATCH A016
MATCH A017
MATCH A018
MATCH A019
MATCH A020
MATCH A021
MATCH A022
MATCH A023
MATCH A024
MATCH A025
MATCH A026
MATCH A027
MATCH A028
MATCH A029
MATCH A030
MATCH A031
MATCH A032
MATCH A033
MATCH A034
MATCH A035
MATCH A036
MATCH A037
MATCH A038
MATCH A039
MATCH A040
MATCH A041
MATCH A042
MATCH A043
MATCH A044
MATCH A045
MATCH A046
MATCH A047
MATCH A048
MATCH A049
MATCH A050
MATCH A051
MATCH A052
MATCH A053
MATCH A054
MATCH A055
MATCH A056
MATCH A057
MATCH A058
MATCH A059
MATCH A060
MATCH A061
MATCH A062
MATCH A063
MATCH A064
MATCH A065
MATCH A066
MATCH A067
MATCH A068
MATCH A069
MATCH A070
MATCH A071
MATCH A072
MATCH A073
MATCH A074
MATCH A075
MATCH A076
MATCH A077
MATCH A078
MATCH A079
MATCH A080
MATCH A081
MATCH A082
MATCH A083
MATCH A084
MATCH A085
MATCH A086
MATCH A087
MATCH A088
MATCH A089
MATCH A090
MATCH A091
MATCH A092
MATCH A093
MATCH A094
MATCH A095
MATCH A096
MATCH A097
MATCH A098
MATCH A099
MATCH A100
MATCH A101
MATCH A102
MATCH A103
MATCH A104
MATCH A105
MATCH A106
MATCH A107
MATCH A108
MATCH A109
MATCH A110
MATCH A111
MATCH A112
MATCH A113
MATCH A114
MATCH A115
MATCH A116
MATCH A117
MATCH A118
MATCH A119
MATCH A120
MATCH A121
MATCH A122
MATCH A123
MATCH A124
MATCH A125
MATCH A126
MATCH A127
MATCH A128
MATCH A129
MATCH A130
MATCH A131
MATCH A132
MATCH A133
MATCH A134
MATCH A135
MATCH A136
MATCH A137
MATCH A138
MATCH A139
MATCH B001
MATCH B002
MATCH B003
MATCH B004
MATCH B005
MATCH B006
MATCH B007
MATCH B008
MATCH B009
MATCH B010
MATCH B011
MATCH B012
MATCH B013
MATCH B014
MATCH B015
MATCH B016
MATCH B017
MATCH B018
MATCH B019
MATCH B020
MATCH B021
MATCH B022
MATCH B023
MATCH B024
MATCH B025
MATCH B026
MATCH B027
MATCH B028
MATCH B029
MATCH B030
MATCH B031
MATCH B032
MATCH B033
MATCH B034
MATCH B035
MATCH B036
MATCH CUR01
MATCH CUR02
MATCH CUR03
MATCH CUR04
MATCH CUR05
MATCH CUR06
MATCH CUR07
MATCH CUR08
MATCH CUR09
MATCH CUR10
MATCH CUR11
MATCH CUR12
MATCH CUR13
MATCH CUR14
MATCH CUR15
MATCH CUR16
MATCH CUR17
MATCH CUR18
MATCH CUR19
MATCH CUR20
MATCH CUR21
MATCH SIGN01
MATCH SIGN02
MATCH SIGN03
MATCH SIGN04
MATCH SIGN05
MATCH SIGN06
MATCH SIGN07
MATCH SIGN08
MATCH SIGN09
MATCH SIGN10
MATCH SIGN11
MATCH SIGN12
MATCH SIGN13
MATCH SIGN14
MATCH SIGN15
MATCH SIGN16
MATCH SIGN17
MATCH SIGN18
MATCH SIGN19
MATCH SIGN20
MATCH SIGN21
MATCH SIGN22
MATCH SIGN23
MATCH SIGN24
MATCH SIGN25
MATCH SAME01
MATCH SAME02
MATCH SAME03
MATCH SAME04
MATCH SAME05
MATCH SAME06
MATCH SAME07
MATCH SAME08
MATCH SAME09
MATCH SAME10
MATCH SAME11
MATCH SAME12
MATCH SAME13
MATCH SAME14
MATCH SAME15
MATCH SAME16
MATCH SAME17
MATCH SAME18
MATCH SAME19
MATCH SAME20
MATCH SAME21
MATCH SAME22
MATCH PER01
MATCH PER02
MATCH PER03
MATCH PER04
MATCH PER05
MATCH PER06
MATCH PER07
MATCH PER08
MATCH PER09
MATCH PER10
MATCH PER11
MATCH PER12
MATCH PER13
MATCH PER14
MATCH PER15
MATCH PER16
MATCH PER17
MATCH PER18
MATCH PER19
MATCH PER20
MATCH PER21
MATCH PER22
MATCH PER23
MATCH PER24
MATCH PER25
MATCH PER26
MATCH PER27
MATCH PER28
MATCH PER29
MATCH PER30
MATCH ANA01
MATCH ANA02
MATCH ANA03
MATCH ANA04
MATCH ANA05
MATCH ANA06
MATCH ANA07
MATCH ANA08
MATCH ANA09
MATCH ANA10
MATCH ANA11
MATCH ANA12
MATCH ANA13
MATCH ANA14
MATCH ANA15
MATCH ANA16
MATCH ANA17
MATCH ANA18
MATCH ANA19
MATCH RESP01
MATCH RESP02
MATCH RESP03
MATCH RESP04
MATCH RESP05
MATCH RESP06
MATCH RESP07
MATCH RESP08
MATCH RESP09
MATCH RESP10
MATCH RESP11
MATCH RESP12
MATCH RESP13
MATCH RESP14
MATCH QTY01
MATCH QTY02
MATCH QTY03
MATCH QTY04
MATCH QTY05
MATCH QTY06
MATCH QTY07
MATCH QTY08
MATCH QTY09
MATCH QTY10
MATCH QTY11
MATCH SAME23
MATCH SAME24
MATCH QTY12
MATCH QTY13
MATCH QTY14
MATCH CUR22
MATCH CUR23
MATCH CUR24
MATCH SIGN26
MATCH SAME25
MATCH SAME26
MATCH SAME27
MATCH SAME28
MATCH PER31
MATCH PER32
MATCH PER33
MATCH ANA20
554 inputs, 554 match, 0 differ
